main
main
main
main
main
main
main
main
main
main
main
main
main
main
main
main
polybench_flush_cache
polybench_prepare_instruments
polybench_timer_start
__libc_csu_init
