main
main
init_cacheinfo
init_cacheinfo
get_common_indeces_constprop_1
__libc_start_main
__libc_start_main
__libc_check_standard_fds
__libc_check_standard_fds
__libc_check_standard_fds
__libc_setup_tls
__libc_csu_init
__libc_csu_init
__libc_csu_fini
plural_eval
plural_eval
plural_eval
_nl_find_msg
_nl_find_msg
_nl_find_msg
_nl_find_msg
_nl_find_msg
_nl_find_msg
_nl_find_msg
__dcigettext
__dcigettext
__dcigettext
__dcigettext
__dcigettext
__dcigettext
_nl_find_domain
_nl_find_domain
_nl_load_domain
_nl_load_domain
_nl_load_domain
_nl_load_domain
_nl_load_domain
_nl_load_domain
_nl_load_domain
_nl_load_domain
_nl_load_domain
_nl_load_domain
_nl_load_domain
_nl_load_domain
_nl_load_domain
_nl_load_domain
read_alias_file
read_alias_file
read_alias_file
read_alias_file
read_alias_file
read_alias_file
read_alias_file
_nl_expand_alias
_nl_expand_alias
_nl_expand_alias
_nl_expand_alias
_nl_expand_alias
_nl_make_l10nflist
_nl_make_l10nflist
_nl_make_l10nflist
_nl_make_l10nflist
_nl_make_l10nflist
_nl_make_l10nflist
_nl_make_l10nflist
_nl_make_l10nflist
_nl_normalize_codeset
_nl_normalize_codeset
_nl_explode_name
_nl_explode_name
_nl_explode_name
new_exp_constprop_3
new_exp
new_exp
__gettextparse
__gettextparse
__gettext_extract_plural
__hash_string
__hash_string
abort
msort_with_tmp_part_0
msort_with_tmp_part_0
msort_with_tmp_part_0
msort_with_tmp_part_0
msort_with_tmp_part_0
msort_with_tmp_part_0
msort_with_tmp_part_0
msort_with_tmp_part_0
msort_with_tmp_part_0
__qsort_r
__qsort_r
__qsort_r
qsort_r
qsort_r
qsort_r
getenv
getenv
__run_exit_handlers
__run_exit_handlers
__run_exit_handlers
__run_exit_handlers
__new_exitfn
__new_exitfn
____strtoul_l_internal
____strtoul_l_internal
____strtoul_l_internal
____strtoul_l_internal
____strtoul_l_internal
____strtoul_l_internal
____strtoull_l_internal
____strtoull_l_internal
____strtoull_l_internal
____strtoull_l_internal
____strtoull_l_internal
____strtoull_l_internal
__strtoull_l
__strtoull_l
strtoull_l
strtoull_l
strtoul_l
strtoul_l
__strtoul_l
__strtoul_l
__correctly_grouped_prefixmb
__correctly_grouped_prefixmb
__correctly_grouped_prefixmb
__correctly_grouped_prefixmb
__correctly_grouped_prefixmb
__correctly_grouped_prefixmb
__correctly_grouped_prefixmb
__correctly_grouped_prefixmb
adjust_wide_data
_IO_wfile_underflow
_IO_wdo_write
_IO_wfile_xsputn
_IO_wfile_xsputn
_IO_wfile_xsputn
__libc_message
__libc_message
_IO_file_write
_IO_new_file_write
_IO_file_xsgetn
_IO_new_file_xsputn
_IO_file_xsputn
_IO_new_file_fopen
_IO_new_file_fopen
_IO_file_fopen
_IO_file_fopen
save_for_backup
save_for_backup
_IO_cleanup
_IO_cleanup
_IO_cleanup
_IO_un_link
_IO_least_marker
_IO_default_xsputn
_IO_default_xsputn
_IO_default_xsgetn
_IO_default_xsgetn
_IO_default_xsgetn
_IO_enable_locks
_IO_default_finish
_IO_default_finish
_IO_adjust_column
_IO_flush_all_lockp
_IO_flush_all
_IO_flush_all_linebuffered
_flushlbf
_IO_remove_marker
int_mallinfo
int_mallinfo
int_mallinfo
int_mallinfo
malloc_consolidate
malloc_consolidate
__malloc_info_part_10
__malloc_info_part_10
__malloc_info_part_10
__malloc_info_part_10
__malloc_info_part_10
__malloc_info_part_10
__malloc_info_part_10
ptmalloc_init_part_0
arena_get2_part_3
arena_get2_part_3
arena_get2_part_3
arena_get2_part_3
mremap_chunk
free_check
free_check
free_check
free_check
_int_free
_int_free
sysmalloc
sysmalloc
sysmalloc
_int_malloc
_int_malloc
_int_malloc
_int_malloc
_int_malloc
_int_malloc
_int_malloc
_int_malloc
malloc_check
realloc_check
realloc_check
realloc_check
realloc_check
realloc_check
memalign_check
memalign_check
__malloc_fork_lock_parent
__malloc_fork_unlock_parent
__malloc_fork_unlock_child
memalign_hook_ini
__free
__free
__free
__libc_free
__libc_free
__libc_free
free
free
free
__libc_memalign
__memalign
memalign
aligned_alloc
__libc_valloc
valloc
__valloc
pvalloc
__libc_pvalloc
__pvalloc
__malloc_trim
__malloc_trim
__malloc_trim
malloc_trim
malloc_trim
malloc_trim
malloc_usable_size
__malloc_usable_size
__mallinfo
__libc_mallinfo
mallinfo
malloc_stats
__malloc_stats
__posix_memalign
posix_memalign
two_way_long_needle
two_way_long_needle
two_way_long_needle
two_way_long_needle
two_way_long_needle
two_way_long_needle
two_way_long_needle
two_way_long_needle
two_way_long_needle
two_way_long_needle
two_way_long_needle
two_way_long_needle
__strstr_sse2
__strstr_sse2
__strstr_sse2
__strstr_sse2
__strstr_sse2
__strstr_sse2
__strcmp_sse2
__strcmp_sse2_unaligned
__strcmp_sse2_unaligned
__strcmp_ssse3
__strncmp_sse2
__strncmp_ssse3
__strncmp_sse42
__rawmemchr_sse2
__rawmemchr_avx2
__memcmp_sse2
__memcmp_sse2
__memcmp_sse2
__memcmp_sse2
__memcmp_avx2_movbe
__memcmp_sse4_1
__memcmp_sse4_1
__memcmp_sse4_1
__memcmp_sse4_1
__memcpy_ssse3
__memcpy_ssse3
__memcpy_ssse3
__memcpy_ssse3
__memcpy_ssse3
__memcpy_ssse3
__memmove_ssse3
__memmove_ssse3
__memmove_ssse3
__memmove_ssse3
__memmove_ssse3
__memmove_ssse3
__memmove_ssse3
__memmove_ssse3
__memcpy_ssse3_back
__memcpy_ssse3_back
__memcpy_ssse3_back
__memcpy_ssse3_back
__memcpy_ssse3_back
__memcpy_ssse3_back
__memcpy_ssse3_back
__memcpy_ssse3_back
__memcpy_ssse3_back
__memcpy_ssse3_back
__memcpy_ssse3_back
__memcpy_ssse3_back
__memcpy_ssse3_back
__memcpy_ssse3_back
__memcpy_ssse3_back
__memcpy_ssse3_back
__memcpy_ssse3_back
__memcpy_ssse3_back
__memcpy_ssse3_back
__memcpy_ssse3_back
__memcpy_ssse3_back
__memcpy_ssse3_back
__memcpy_ssse3_back
__memcpy_ssse3_back
__memcpy_ssse3_back
__memcpy_ssse3_back
__memcpy_ssse3_back
__memcpy_ssse3_back
__memcpy_ssse3_back
__memcpy_ssse3_back
__memcpy_ssse3_back
__memcpy_ssse3_back
__memcpy_ssse3_back
__memcpy_ssse3_back
__memcpy_ssse3_back
__memcpy_ssse3_back
__memmove_ssse3_back
__memmove_ssse3_back
__memmove_ssse3_back
__memmove_ssse3_back
__memmove_ssse3_back
__memmove_ssse3_back
__memmove_ssse3_back
__memmove_ssse3_back
__memmove_ssse3_back
__memmove_ssse3_back
__memmove_ssse3_back
__memmove_ssse3_back
__memmove_ssse3_back
__memmove_ssse3_back
__memmove_ssse3_back
__memmove_ssse3_back
__memmove_ssse3_back
__memmove_ssse3_back
__memmove_ssse3_back
__memmove_ssse3_back
__memmove_ssse3_back
__memmove_ssse3_back
__memmove_ssse3_back
__memmove_ssse3_back
__memmove_ssse3_back
__memmove_ssse3_back
__memmove_ssse3_back
__memmove_ssse3_back
__memmove_ssse3_back
__memmove_ssse3_back
__memmove_ssse3_back
__memmove_ssse3_back
__memmove_ssse3_back
__memmove_ssse3_back
__memmove_ssse3_back
__memmove_ssse3_back
__memcpy_avx512_no_vzeroupper
__memcpy_avx512_no_vzeroupper
__memcpy_avx512_no_vzeroupper
__memcpy_avx512_no_vzeroupper
__memmove_avx512_no_vzeroupper
__memmove_avx512_no_vzeroupper
__memmove_avx512_no_vzeroupper
__memmove_avx512_no_vzeroupper
__strcasecmp_l_sse2
__strcasecmp_l_ssse3
__strcasecmp_l_sse42
__strcasecmp_l_avx
__strchr_sse2
__strchrnul_sse2
__strchr_avx2
__strchrnul_avx2
__strlen_sse2
__strlen_avx2
__strcpy_sse2
__strcpy_sse2
__strcpy_sse2
__stpcpy_sse2
__stpcpy_sse2
__stpcpy_sse2
__strcpy_ssse3
__strcpy_ssse3
__strcpy_ssse3
__strcpy_ssse3
__strcpy_ssse3
__strcpy_ssse3
__strcpy_ssse3
__strcpy_ssse3
__strcpy_ssse3
__strcpy_ssse3
__strcpy_ssse3
__strcpy_ssse3
__strcpy_ssse3
__strcpy_ssse3
__strcpy_ssse3
__strcpy_ssse3
__strcpy_ssse3
__strcpy_ssse3
__strcpy_ssse3
__strcpy_ssse3
__strcpy_ssse3
__strcpy_ssse3
__strcpy_ssse3
__strcpy_ssse3
__strcpy_ssse3
__strcpy_ssse3
__strcpy_ssse3
__strcpy_ssse3
__strcpy_ssse3
__strcpy_ssse3
__strcpy_ssse3
__stpcpy_ssse3
__stpcpy_ssse3
__stpcpy_ssse3
__stpcpy_ssse3
__stpcpy_ssse3
__stpcpy_ssse3
__stpcpy_ssse3
__stpcpy_ssse3
__stpcpy_ssse3
__stpcpy_ssse3
__stpcpy_ssse3
__stpcpy_ssse3
__stpcpy_ssse3
__stpcpy_ssse3
__stpcpy_ssse3
__stpcpy_ssse3
__stpcpy_ssse3
__stpcpy_ssse3
__stpcpy_ssse3
__stpcpy_ssse3
__stpcpy_ssse3
__stpcpy_ssse3
__stpcpy_ssse3
__stpcpy_ssse3
__stpcpy_ssse3
__stpcpy_ssse3
__stpcpy_ssse3
__stpcpy_ssse3
__stpcpy_ssse3
__stpcpy_ssse3
__stpcpy_ssse3
__strcpy_sse2_unaligned
__stpcpy_sse2_unaligned
__strchr_sse2_no_bsf
__memcmp_ssse3
__memcmp_ssse3
__memcmp_ssse3
__memcmp_ssse3
__memcmp_ssse3
__memcmp_ssse3
__memcmp_ssse3
__memcmp_ssse3
__memcmp_ssse3
__memcmp_ssse3
__memcmp_ssse3
__memcmp_ssse3
__memcmp_ssse3
__memcmp_ssse3
__memcmp_ssse3
__memcmp_ssse3
__strstr_sse2_unaligned
__strstr_sse2_unaligned
__strstr_sse2_unaligned
__strstr_sse2_unaligned
__strstr_sse2_unaligned
__strstr_sse2_unaligned
__strstr_sse2_unaligned
__strstr_sse2_unaligned
__strstr_sse2_unaligned
__strcspn_sse2
__strcspn_sse2
__strcspn_sse42
__memset_avx512_no_vzeroupper
__memset_avx512_no_vzeroupper
__memmove_sse2_unaligned_erms
__memmove_sse2_unaligned_erms
__memmove_sse2_unaligned_erms
__memmove_sse2_unaligned_erms
__memcpy_sse2_unaligned_erms
__memcpy_sse2_unaligned_erms
__memcpy_sse2_unaligned_erms
__memcpy_sse2_unaligned_erms
__memcpy_avx_unaligned_erms
__memcpy_avx_unaligned_erms
__memcpy_avx_unaligned_erms
__memcpy_avx_unaligned_erms
__memmove_avx_unaligned_erms
__memmove_avx_unaligned_erms
__memmove_avx_unaligned_erms
__memmove_avx_unaligned_erms
__memmove_avx512_unaligned_erms
__memmove_avx512_unaligned_erms
__memmove_avx512_unaligned_erms
__memmove_avx512_unaligned_erms
__memcpy_avx512_unaligned_erms
__memcpy_avx512_unaligned_erms
__memcpy_avx512_unaligned_erms
__memcpy_avx512_unaligned_erms
__memset_sse2_unaligned_erms
__memset_avx2_unaligned_erms
__memset_avx512_unaligned_erms
intel_check_word_isra_0
intel_check_word_isra_0
intel_check_word_isra_0
intel_check_word_isra_0
intel_check_word_isra_0
handle_intel_constprop_1
__strcasecmp_l_nonascii
__wcsmbs_load_conv
__wcsmbs_load_conv
__mbsrtowcs_l
__mbsrtowcs_l
sysconf
sysconf
__sysconf
__sysconf
tsearch
__tsearch
tfind
__tfind
tdelete
tdelete
tdelete
__tdelete
__tdelete
__tdelete
next_line
__get_nprocs
__get_nprocs
__get_nprocs
__get_nprocs
__get_nprocs
get_nprocs
get_nprocs
get_nprocs
get_nprocs
get_nprocs
__get_nprocs_conf
__get_nprocs_conf
get_nprocs_conf
get_nprocs_conf
get_phys_pages
get_phys_pages
__get_phys_pages
__get_phys_pages
get_avphys_pages
get_avphys_pages
__get_avphys_pages
__get_avphys_pages
__libc_enable_asynccancel
__libc_disable_asynccancel
__fortify_fail_abort
__fortify_fail_abort
__tunables_init
__tunables_init
__tunables_init
__tunables_init
__tunables_init
__tunables_init
__tunables_init
__tunables_init
__tunables_init
__tunables_init
__tunables_init
__tunables_init
__tunables_init
__tunables_init
__tunables_init
__tunables_init
__tunables_init
__tunables_init
_dl_non_dynamic_init
_dl_non_dynamic_init
_dl_non_dynamic_init
_dl_non_dynamic_init
_dl_non_dynamic_init
_dl_tunable_set_hwcaps
_dl_tunable_set_hwcaps
_dl_discover_osversion
_dl_discover_osversion
__gconv_open
__gconv_open
__gconv_open
__gconv
__gconv
__gconv_close
find_derivation
find_derivation
find_derivation
find_derivation
find_derivation
find_derivation
find_derivation
find_derivation
find_derivation
find_derivation
find_derivation
find_derivation
find_derivation
__gconv_close_transform
insert_module
insert_module
add_module_isra_0
add_module_isra_0
add_module_isra_0
add_module_isra_0
add_module_isra_0
add_module_isra_0
__gconv_get_path
__gconv_get_path
__gconv_read_conf
__gconv_read_conf
__gconv_read_conf
__gconv_read_conf
__gconv_read_conf
__gconv_read_conf
__gconv_read_conf
__gconv_read_conf
__gconv_read_conf
__gconv_read_conf
__gconv_read_conf
__gconv_read_conf
__gconv_read_conf
__gconv_transform_internal_ucs4
__gconv_transform_internal_ucs4
__gconv_transform_internal_ucs4
__gconv_transform_ucs4_internal
__gconv_transform_ucs4_internal
__gconv_transform_ucs4_internal
__gconv_transform_ucs4_internal
__gconv_transform_ucs4_internal
__gconv_transform_internal_ucs4le
__gconv_transform_internal_ucs4le
__gconv_transform_ucs4le_internal
__gconv_transform_ucs4le_internal
__gconv_transform_ucs4le_internal
__gconv_transform_ucs4le_internal
__gconv_transform_ucs4le_internal
__gconv_transform_ascii_internal
__gconv_transform_ascii_internal
__gconv_transform_ascii_internal
__gconv_transform_ascii_internal
__gconv_transform_internal_ascii
__gconv_transform_internal_ascii
__gconv_transform_internal_ascii
__gconv_transform_internal_ascii
__gconv_transform_internal_ascii
__gconv_transform_internal_ascii
__gconv_transform_internal_utf8
__gconv_transform_internal_utf8
__gconv_transform_internal_utf8
__gconv_transform_internal_utf8
__gconv_transform_internal_utf8
__gconv_transform_internal_utf8
__gconv_transform_internal_utf8
__gconv_transform_internal_utf8
__gconv_transform_utf8_internal
__gconv_transform_utf8_internal
__gconv_transform_utf8_internal
__gconv_transform_utf8_internal
__gconv_transform_utf8_internal
__gconv_transform_utf8_internal
__gconv_transform_utf8_internal
__gconv_transform_utf8_internal
__gconv_transform_utf8_internal
__gconv_transform_ucs2_internal
__gconv_transform_ucs2_internal
__gconv_transform_ucs2_internal
__gconv_transform_ucs2_internal
__gconv_transform_ucs2_internal
__gconv_transform_ucs2_internal
__gconv_transform_internal_ucs2
__gconv_transform_internal_ucs2
__gconv_transform_internal_ucs2
__gconv_transform_internal_ucs2
__gconv_transform_internal_ucs2
__gconv_transform_internal_ucs2
__gconv_transform_ucs2reverse_internal
__gconv_transform_ucs2reverse_internal
__gconv_transform_ucs2reverse_internal
__gconv_transform_ucs2reverse_internal
__gconv_transform_ucs2reverse_internal
__gconv_transform_ucs2reverse_internal
__gconv_transform_internal_ucs2reverse
__gconv_transform_internal_ucs2reverse
__gconv_transform_internal_ucs2reverse
__gconv_transform_internal_ucs2reverse
__gconv_transform_internal_ucs2reverse
__gconv_transform_internal_ucs2reverse
__gconv_transliterate
__gconv_transliterate
__gconv_transliterate
__gconv_transliterate
__gconv_transliterate
__gconv_load_cache
__gconv_compare_alias_cache
__gconv_compare_alias_cache
__gconv_lookup_cache
__gconv_lookup_cache
__gconv_lookup_cache
__gconv_lookup_cache
gconv_parse_code
gconv_parse_code
gconv_parse_code
__gconv_create_spec
__gconv_create_spec
new_composite_name
new_composite_name
new_composite_name
new_composite_name
setlocale
setlocale
setlocale
setlocale
_nl_find_locale
_nl_find_locale
_nl_find_locale
_nl_find_locale
_nl_find_locale
_nl_find_locale
_nl_remove_locale
_nl_load_locale
_nl_load_locale_from_archive
_nl_load_locale_from_archive
_nl_load_locale_from_archive
_nl_load_locale_from_archive
_nl_load_locale_from_archive
_nl_load_locale_from_archive
_quicksort
_quicksort
_quicksort
_quicksort
_quicksort
_quicksort
_quicksort
_quicksort
_quicksort
_quicksort
_quicksort
_quicksort
_quicksort
_quicksort
_quicksort
_quicksort
_quicksort
_quicksort
_quicksort
_quicksort
_quicksort
_quicksort
_quicksort
__add_to_environ
unsetenv
unsetenv
unsetenv
__unsetenv
__unsetenv
__unsetenv
____strtol_l_internal
____strtol_l_internal
____strtol_l_internal
____strtol_l_internal
____strtol_l_internal
____strtol_l_internal
____strtoll_l_internal
____strtoll_l_internal
____strtoll_l_internal
____strtoll_l_internal
____strtoll_l_internal
____strtoll_l_internal
strtoll_l
strtoll_l
strtol_l
strtol_l
__strtoll_l
__strtoll_l
__strtol_l
__strtol_l
group_number
group_number
_i18n_number_rewrite
_i18n_number_rewrite
_i18n_number_rewrite
_i18n_number_rewrite
printf_positional
printf_positional
printf_positional
printf_positional
printf_positional
printf_positional
printf_positional
hack_digit
_i18n_number_rewrite
_i18n_number_rewrite
_i18n_number_rewrite
_i18n_number_rewrite
__printf_fp_l
__printf_fp_l
__printf_fp_l
__printf_fp_l
__printf_fp_l
__printf_fp_l
__printf_fp_l
__printf_fp_l
__printf_fp_l
__printf_fp_l
__printf_fp_l
__printf_fp_l
__printf_fp_l
__printf_fp_l
__printf_fp_l
__printf_fp_l
__printf_fp_l
__printf_fp_l
__printf_fp_l
__printf_fp_l
__printf_fp_l
__printf_fp_l
__printf_fp_l
__printf_fp_l
__guess_grouping
__printf_fphex
__printf_fphex
__printf_fphex
__printf_fphex
__printf_fphex
__printf_fphex
__printf_fphex
__printf_fphex
__printf_fphex
__printf_fphex
__printf_fphex
__printf_fphex
__printf_fphex
__printf_fphex
__printf_fphex
__printf_fphex
__register_printf_modifier
register_printf_modifier
__handle_registered_modifier_mb
__handle_registered_modifier_mb
__handle_registered_modifier_wc
__handle_registered_modifier_wc
_i18n_number_rewrite
_i18n_number_rewrite
_i18n_number_rewrite
printf_positional
printf_positional
printf_positional
printf_positional
printf_positional
printf_positional
printf_positional
printf_positional
printf_positional
printf_positional
printf_positional
printf_positional
printf_positional
_IO_vfwprintf
_IO_vfwprintf
_IO_vfwprintf
_IO_vfwprintf
_IO_vfwprintf
vfwprintf
vfwprintf
vfwprintf
vfwprintf
vfwprintf
__vfwprintf
__vfwprintf
__vfwprintf
__vfwprintf
__vfwprintf
__parse_one_specmb
__parse_one_specmb
__parse_one_specmb
__parse_one_specmb
__parse_one_specmb
__parse_one_specwc
__parse_one_specwc
__parse_one_specwc
__parse_one_specwc
__parse_one_specwc
__getdelim
getdelim
_IO_getdelim
_IO_getline
_IO_getline_info
_IO_padn
_IO_wpadn
save_for_wbackup_isra_0
save_for_wbackup_isra_0
_IO_least_wmarker
_IO_wdefault_finish
_IO_wdefault_xsputn
_IO_wdefault_xsputn
_IO_wdefault_xsgetn
_IO_wdefault_xsgetn
_IO_wdefault_xsgetn
_IO_adjust_wcolumn
two_way_long_needle
two_way_long_needle
two_way_long_needle
two_way_long_needle
two_way_long_needle
two_way_long_needle
two_way_long_needle
two_way_long_needle
two_way_long_needle
two_way_long_needle
two_way_long_needle
two_way_long_needle
memmem
memmem
memmem
memmem
memmem
__memmem
__memmem
__memmem
__memmem
__memmem
__argz_create_sep
argz_create_sep
argz_add_sep
__argz_add_sep
__memchr_sse2
__memchr_avx2
__strrchr_sse2
__strrchr_avx2
__strnlen_sse2
__strnlen_avx2
wcsrtombs
__wcsrtombs
__wcschrnul
wcschrnul
__wcsnlen_sse4_1
__wcsnlen_sse2
__wcslen_sse2
__wcslen_avx2
__wcsnlen_avx2
readdir
__readdir64
__readdir
__GI___readdir64
readdir64
__wctrans
wctrans
__readonly_area
is_trusted_path_normalize
is_trusted_path_normalize
is_trusted_path_normalize
open_verify_constprop_7
open_verify_constprop_7
open_verify_constprop_7
open_path
open_path
open_path
open_path
open_path
_dl_map_object_from_fd_constprop_8
_dl_map_object_from_fd_constprop_8
_dl_map_object_from_fd_constprop_8
_dl_map_object_from_fd_constprop_8
_dl_dst_count
_dl_dst_substitute
expand_dynamic_string_token
fillin_rpath
fillin_rpath
fillin_rpath
fillin_rpath
fillin_rpath
cache_rpath_part_6
cache_rpath_part_6
cache_rpath_part_6
cache_rpath_part_6
_dl_init_paths
_dl_init_paths
_dl_map_object
_dl_map_object
_dl_map_object
_dl_rtld_di_serinfo
_dl_rtld_di_serinfo
_dl_rtld_di_serinfo
_dl_rtld_di_serinfo
_dl_rtld_di_serinfo
_dl_rtld_di_serinfo
_dl_rtld_di_serinfo
_dl_rtld_di_serinfo
_dl_rtld_di_serinfo
_dl_rtld_di_serinfo
_dl_rtld_di_serinfo
do_lookup_x
do_lookup_x
do_lookup_x
do_lookup_x
do_lookup_x
do_lookup_x
do_lookup_x
do_lookup_x
do_lookup_x
do_lookup_x
do_lookup_x
do_lookup_x
do_lookup_x
_dl_lookup_symbol_x
_dl_lookup_symbol_x
_dl_lookup_symbol_x
_dl_lookup_symbol_x
_dl_lookup_symbol_x
_dl_lookup_symbol_x
_dl_lookup_symbol_x
_dl_lookup_symbol_x
_dl_lookup_symbol_x
_dl_lookup_symbol_x
_dl_add_to_namespace_list
_dl_new_object
_dl_new_object
_dl_new_object
_dl_new_object
_dl_relocate_object
_dl_relocate_object
_dl_relocate_object
_dl_relocate_object
_dl_relocate_object
_dl_relocate_object
_dl_relocate_object
_dl_relocate_object
_dl_important_hwcaps
_dl_important_hwcaps
_dl_important_hwcaps
_dl_important_hwcaps
_dl_important_hwcaps
_dl_important_hwcaps
_dl_important_hwcaps
_dl_debug_vdprintf
_dl_debug_vdprintf
_dl_debug_vdprintf
_dl_name_match_p
_dl_higher_prime_number
_dl_higher_prime_number
_dl_strtoul
_dl_strtoul
_dl_strtoul
_dl_start_profile
_dl_start_profile
_dl_start_profile
_dl_mcount
_dl_mcount
_dl_next_tls_modid
_dl_count_modids
_dl_count_modids
_dl_allocate_tls_init
_dl_allocate_tls_init
_dl_deallocate_tls
_dl_tls_get_addr_soft
_dl_add_to_slotinfo
_dl_scope_free
_dl_exception_create_format
_dl_exception_create_format
_dl_cache_libcmp
_dl_cache_libcmp
_dl_cache_libcmp
_dl_cache_libcmp
_dl_load_cache_lookup
_dl_load_cache_lookup
_dl_load_cache_lookup
_dl_load_cache_lookup
__libc_dlvsym
__mpn_cmp
__mpn_divrem
__mpn_divrem
__mpn_divrem
__mpn_divrem
__mpn_divrem
__mpn_divrem
__mpn_divrem
__mpn_divrem
__mpn_divrem
__mpn_divrem
__mpn_mul
__mpn_mul
__mpn_mul
__mpn_mul
__mpn_mul
__mpn_mul
__mpn_impn_mul_n_basecase
__mpn_impn_mul_n_basecase
__mpn_impn_mul_n_basecase
__mpn_impn_mul_n
__mpn_impn_mul_n
__mpn_impn_mul_n
__mpn_impn_mul_n
__mpn_impn_mul_n
__mpn_impn_mul_n
__mpn_impn_sqr_n_basecase
__mpn_impn_sqr_n_basecase
__mpn_impn_sqr_n_basecase
__mpn_impn_sqr_n
__mpn_impn_sqr_n
__mpn_impn_sqr_n
__mpn_impn_sqr_n
__mpn_impn_sqr_n
__mpn_impn_sqr_n
_itoa_word
_itoa_word
_itoa_word
_itoa_word
_fitoa_word
_fitoa_word
_fitoa_word
_fitoa_word
__strspn_sse2
__strspn_sse2
__strspn_sse42
add_to_global
add_to_global
_dl_find_dso_for_object
_dl_show_scope
_dl_show_scope
dl_open_worker
dl_open_worker
dl_open_worker
dl_open_worker
dl_open_worker
dl_open_worker
dl_open_worker
dl_open_worker
dl_open_worker
dl_open_worker
remove_slotinfo
_dl_close_worker_part_0
_dl_close_worker_part_0
_dl_close_worker_part_0
_dl_close_worker_part_0
_dl_close_worker_part_0
_dl_close_worker_part_0
_dl_close_worker_part_0
_dl_close_worker_part_0
_dl_close_worker_part_0
_dl_close_worker_part_0
_dl_close_worker_part_0
_dl_close_worker_part_0
_dl_close_worker_part_0
_dl_close_worker_part_0
_dl_close_worker_part_0
_dl_close_worker_part_0
_dl_sort_maps
_dl_sort_maps
_dl_sort_maps
_dl_sort_maps
_dl_sort_maps
_dl_addr
_dl_addr
_dl_addr
_dl_addr_inside_object
_dl_build_local_scope
_dl_build_local_scope
_dl_map_object_deps
_dl_map_object_deps
_dl_map_object_deps
_dl_map_object_deps
_dl_map_object_deps
_dl_map_object_deps
_dl_map_object_deps
_dl_map_object_deps
_dl_map_object_deps
_dl_map_object_deps
_dl_map_object_deps
_dl_map_object_deps
_dl_map_object_deps
_dl_init
_dl_init
_dl_init
_dl_init
_dl_init
_dl_check_map_versions
_dl_check_map_versions
_dl_check_map_versions
_dl_check_map_versions
_dl_check_map_versions
_dl_check_map_versions
_dl_check_all_versions
_dl_vsym
_dl_vsym
_dl_sym
uw_install_context_1
read_encoded_value
read_encoded_value
execute_stack_op
execute_stack_op
execute_stack_op
execute_stack_op
execute_stack_op
execute_stack_op
execute_stack_op
uw_update_context_1
uw_update_context_1
uw_update_context_1
execute_cfa_program
execute_cfa_program
execute_cfa_program
execute_cfa_program
execute_cfa_program
execute_cfa_program
execute_cfa_program
execute_cfa_program
execute_cfa_program
execute_cfa_program
execute_cfa_program
execute_cfa_program
execute_cfa_program
execute_cfa_program
execute_cfa_program
execute_cfa_program
execute_cfa_program
execute_cfa_program
execute_cfa_program
execute_cfa_program
execute_cfa_program
execute_cfa_program
execute_cfa_program
execute_cfa_program
execute_cfa_program
execute_cfa_program
execute_cfa_program
execute_cfa_program
execute_cfa_program
uw_frame_state_for
uw_frame_state_for
uw_frame_state_for
uw_frame_state_for
uw_frame_state_for
_Unwind_RaiseException_Phase2
_Unwind_ForcedUnwind_Phase2
__frame_state_for
_Unwind_RaiseException
_Unwind_Backtrace
frame_downheap
frame_heapsort
frame_heapsort
read_encoded_value_with_base
read_encoded_value_with_base
get_cie_encoding
get_cie_encoding
get_cie_encoding
get_cie_encoding
get_cie_encoding
classify_object_over_fdes
add_fdes
linear_search_fdes
_Unwind_IteratePhdrCallback
_Unwind_IteratePhdrCallback
_Unwind_IteratePhdrCallback
_Unwind_IteratePhdrCallback
search_object
search_object
search_object
search_object
search_object
search_object
search_object
search_object
search_object
search_object
search_object
search_object
__deregister_frame_info_bases
__deregister_frame_info_bases
_Unwind_Find_FDE
_Unwind_Find_FDE
_Unwind_Find_FDE
read_encoded_value_with_base
read_encoded_value_with_base
__gcc_personality_v0
__gcc_personality_v0
__gcc_personality_v0
__gcc_personality_v0
dl_iterate_phdr
__dl_iterate_phdr
free_mem
free_mem
_nl_finddomain_subfreeres
_nl_unload_domain
buffer_free
free_derivation
free_modules_db
free_modules_db
free_modules_db
free_mem
free_mem
free_mem
free_mem
free_mem
free_mem
free_mem
_nl_locale_subfreeres
_nl_locale_subfreeres
_nl_locale_subfreeres
_nl_locale_subfreeres
_nl_locale_subfreeres
_nl_locale_subfreeres
_nl_locale_subfreeres
_nl_locale_subfreeres
_nl_locale_subfreeres
_nl_locale_subfreeres
_nl_locale_subfreeres
_nl_locale_subfreeres
_nl_archive_subfreeres
_nl_archive_subfreeres
_nl_archive_subfreeres
free_mem
free_mem
free_slotinfo
free_slotinfo
free_mem
free_mem
free_mem
free_mem
free_mem
free_mem
free_mem
free_mem
free_mem
free_mem
arena_thread_freeres
arena_thread_freeres
arena_thread_freeres
